// Jest Snapshot v1, https://goo.gl/fbAQLP

exports[`testing Form Form have rendered correctly 1`] = `ShallowWrapper {}`;
